INFO 2025-02-11 00:06:29,724 campaign_tasks 61611 8517712576 🤖 TASK: Starting to process campaigns @ 2025-02-11 00:06:29
INFO 2025-02-11 00:06:29,734 campaign_tasks 61612 8517712576 🤖 TASK: Starting to process queues @ 2025-02-11 00:06:29
Starting campaign processing
INFO 2025-02-11 00:06:31,965 scheduler 61611 8517712576 Starting campaign processing
INFO 2025-02-11 00:06:34,442 target_list_resolver 61611 8517712576 Found 8 active campaigns
No target lists were created
INFO 2025-02-11 00:06:34,443 scheduler 61611 8517712576 No target lists were created
INFO 2025-02-11 00:06:34,446 queue_processor 61612 8517712576 No pending queues to process
INFO 2025-02-11 00:38:30,184 target_list_resolver 64147 6192410624 Processing campaign 'Falta e Cancelado Pró-Corpo' (ID: 6)
INFO 2025-02-11 00:38:38,150 target_list_resolver 64147 6192410624 Cleaned up: Deleted 1 queue entries and 847 target lists
INFO 2025-02-11 00:38:38,493 get_contact_appointment 64147 6192410624 Processing contacts with tag Reschedule
INFO 2025-02-11 00:38:41,816 get_contact_appointment 64147 6192410624 Reschedule - Found 719 appointments
INFO 2025-02-11 00:38:46,184 contactConversor_apt 64147 6192410624 Processed 719 appointments: Created 3, Updated 716
INFO 2025-02-11 00:38:46,223 target_list_resolver 64147 6192410624 First contact type: <class 'core.models.contact.Contact'>
INFO 2025-02-11 00:38:46,223 target_list_resolver 64147 6192410624 Found 719 contacts with tag 'Reschedule'
INFO 2025-02-11 00:38:46,842 get_counter 64147 6192410624 Found 713 phones with messages
INFO 2025-02-11 00:38:46,842 get_counter 64147 6192410624 Sample results: [{'contact__phone': '011932727979', 'counter': 1}, {'contact__phone': '1120957030', 'counter': 1}, {'contact__phone': '11910018088', 'counter': 1}, {'contact__phone': '11910026721', 'counter': 1}, {'contact__phone': '11910859439', 'counter': 1}]
INFO 2025-02-11 00:38:46,857 get_counter 64147 6192410624 Sample final results: {'11999720684': 0, '15988028316': 0, '11960874144': 0, '31999632883': 1, '11974487182': 1}
INFO 2025-02-11 00:38:46,858 get_message 64147 6192410624 Getting message for type=Appointment, tag=Reschedule, counter=0
INFO 2025-02-11 00:38:47,203 get_message 64147 6192410624 Found message id=65 for Reschedule
INFO 2025-02-11 00:38:47,203 get_message 64147 6192410624 Getting message for type=Appointment, tag=Reschedule, counter=1
INFO 2025-02-11 00:38:47,543 get_message 64147 6192410624 Found message id=67 for Reschedule
INFO 2025-02-11 00:38:47,543 get_message 64147 6192410624 Getting message for type=Appointment, tag=Reschedule, counter=2
INFO 2025-02-11 00:38:47,884 get_message 64147 6192410624 Found message id=66 for Reschedule
INFO 2025-02-11 00:38:47,885 get_message 64147 6192410624 Getting message for type=Appointment, tag=Reschedule, counter=3
INFO 2025-02-11 00:38:48,228 get_message 64147 6192410624 No message found for counter=3
WARNING 2025-02-11 00:38:48,229 get_message 64147 6192410624 No message found for Reschedule (counter=3)
INFO 2025-02-11 00:38:48,229 get_message 64147 6192410624 Getting message for type=Appointment, tag=Reschedule, counter=4
INFO 2025-02-11 00:38:48,572 get_message 64147 6192410624 No message found for counter=4
WARNING 2025-02-11 00:38:48,572 get_message 64147 6192410624 No message found for Reschedule (counter=4)
INFO 2025-02-11 00:38:48,573 get_message 64147 6192410624 Getting message for type=Appointment, tag=Reschedule, counter=5
INFO 2025-02-11 00:38:48,912 get_message 64147 6192410624 No message found for counter=5
WARNING 2025-02-11 00:38:48,913 get_message 64147 6192410624 No message found for Reschedule (counter=5)
INFO 2025-02-11 00:38:48,913 get_message 64147 6192410624 Getting message for type=Appointment, tag=Reschedule, counter=6
INFO 2025-02-11 00:38:49,252 get_message 64147 6192410624 No message found for counter=6
WARNING 2025-02-11 00:38:49,253 get_message 64147 6192410624 No message found for Reschedule (counter=6)
INFO 2025-02-11 00:38:52,094 target_list_resolver 64147 6192410624 Campaign processing complete. Created: 666, Skipped: 53, Errors: 0
INFO 2025-02-12 22:55:45,949 targetListAdmin 12474 6160691200 Starting get_queryset in TargetListAdmin
INFO 2025-02-12 22:55:46,400 targetListAdmin 12474 6160691200 TargetListAdmin queryset count: 0
INFO 2025-02-12 22:55:47,833 targetListAdmin 12474 6160691200 Starting get_queryset in TargetListAdmin
INFO 2025-02-12 22:55:48,245 targetListAdmin 12474 6160691200 TargetListAdmin queryset count: 0
INFO 2025-02-12 22:55:48,245 targetListAdmin 12474 6160691200 Starting get_queryset in TargetListAdmin
INFO 2025-02-12 22:55:48,648 targetListAdmin 12474 6160691200 TargetListAdmin queryset count: 0
INFO 2025-02-12 22:55:48,649 targetListAdmin 12474 6160691200 Starting get_queryset in TargetListAdmin
INFO 2025-02-12 22:55:49,162 targetListAdmin 12474 6160691200 TargetListAdmin queryset count: 0
INFO 2025-02-12 22:56:39,643 target_list_resolver 13221 6160723968 Processing campaign 'Falta e Cancelado Pró-Corpo' (ID: 6)
INFO 2025-02-12 22:56:40,669 get_contact_appointment 13221 6160723968 Processing contacts with tag Reschedule
INFO 2025-02-12 22:56:44,395 get_contact_appointment 13221 6160723968 Reschedule - Found 749 appointments
INFO 2025-02-12 22:56:50,293 contactConversor_apt 13221 6160723968 Processed 749 appointments: Created 11, Updated 738
ERROR 2025-02-12 22:56:50,347 target_list_resolver 13221 6160723968 Error processing campaign 6: 'list' object has no attribute 'filter'
INFO 2025-02-12 23:01:58,325 target_list_resolver 14836 6164033536 Processing campaign 'Falta e Cancelado Pró-Corpo' (ID: 6)
INFO 2025-02-12 23:01:59,141 get_contact_appointment 14836 6164033536 Processing contacts with tag Reschedule
INFO 2025-02-12 23:02:05,309 get_contact_appointment 14836 6164033536 Reschedule - Found 749 appointments
INFO 2025-02-12 23:02:15,526 contactConversor_apt 14836 6164033536 Processed 749 appointments: Created 0, Updated 749
WARNING 2025-02-12 23:02:15,626 target_list_resolver 14836 6164033536 No contacts found for campaign 'Falta e Cancelado Pró-Corpo' with tag 'Reschedule'
INFO 2025-02-12 23:03:15,846 target_list_resolver 15006 6194884608 Processing campaign 'Falta e Cancelado Pró-Corpo' (ID: 6)
INFO 2025-02-12 23:03:16,865 get_contact_appointment 15006 6194884608 Processing contacts with tag Reschedule
INFO 2025-02-12 23:03:19,626 get_contact_appointment 15006 6194884608 Reschedule - Found 749 appointments
INFO 2025-02-12 23:03:23,522 contactConversor_apt 15006 6194884608 Processed 749 appointments: Created 0, Updated 749
INFO 2025-02-12 23:03:23,557 target_list_resolver 15006 6194884608 Found 749 contacts with tag 'Reschedule'
INFO 2025-02-12 23:03:24,304 get_counter 15006 6194884608 Found 733 phones with messages
INFO 2025-02-12 23:03:24,305 get_counter 15006 6194884608 Sample results: [{'contact__phone': '011932727979', 'counter': 1}, {'contact__phone': '1120957030', 'counter': 2}, {'contact__phone': '1125857141', 'counter': 1}, {'contact__phone': '1137180487', 'counter': 1}, {'contact__phone': '11910018088', 'counter': 1}]
INFO 2025-02-12 23:03:24,314 get_counter 15006 6194884608 Sample final results: {'11972824527': 1, '11980883977': 1, '21992049393': 1, '13996356428': 1, '11986869564': 1}
INFO 2025-02-12 23:03:24,314 get_message 15006 6194884608 Getting message for type=Appointment, tag=Reschedule, counter=0
INFO 2025-02-12 23:03:24,705 get_message 15006 6194884608 Found message id=65 for Reschedule
INFO 2025-02-12 23:03:24,705 get_message 15006 6194884608 Getting message for type=Appointment, tag=Reschedule, counter=1
INFO 2025-02-12 23:03:25,164 get_message 15006 6194884608 Found message id=67 for Reschedule
INFO 2025-02-12 23:03:25,165 get_message 15006 6194884608 Getting message for type=Appointment, tag=Reschedule, counter=2
INFO 2025-02-12 23:03:25,676 get_message 15006 6194884608 Found message id=66 for Reschedule
INFO 2025-02-12 23:03:25,676 get_message 15006 6194884608 Getting message for type=Appointment, tag=Reschedule, counter=3
INFO 2025-02-12 23:03:26,053 get_message 15006 6194884608 No message found for counter=3
WARNING 2025-02-12 23:03:26,053 get_message 15006 6194884608 No message found for Reschedule (counter=3)
INFO 2025-02-12 23:03:26,054 get_message 15006 6194884608 Getting message for type=Appointment, tag=Reschedule, counter=4
INFO 2025-02-12 23:03:26,402 get_message 15006 6194884608 No message found for counter=4
WARNING 2025-02-12 23:03:26,402 get_message 15006 6194884608 No message found for Reschedule (counter=4)
INFO 2025-02-12 23:03:26,402 get_message 15006 6194884608 Getting message for type=Appointment, tag=Reschedule, counter=5
INFO 2025-02-12 23:03:26,900 get_message 15006 6194884608 No message found for counter=5
WARNING 2025-02-12 23:03:26,900 get_message 15006 6194884608 No message found for Reschedule (counter=5)
INFO 2025-02-12 23:03:26,900 get_message 15006 6194884608 Getting message for type=Appointment, tag=Reschedule, counter=6
INFO 2025-02-12 23:03:27,412 get_message 15006 6194884608 No message found for counter=6
WARNING 2025-02-12 23:03:27,413 get_message 15006 6194884608 No message found for Reschedule (counter=6)
INFO 2025-02-12 23:03:30,602 target_list_resolver 15006 6194884608 Campaign processing complete. Created: 697, Skipped: 52, Errors: 0
INFO 2025-02-12 23:03:39,275 targetListAdmin 15006 6194884608 Starting get_queryset in TargetListAdmin
INFO 2025-02-12 23:03:39,617 targetListAdmin 15006 6194884608 TargetListAdmin queryset count: 697
INFO 2025-02-12 23:03:39,963 targetListAdmin 15006 6194884608 Starting get_queryset in TargetListAdmin
INFO 2025-02-12 23:03:40,519 targetListAdmin 15006 6194884608 TargetListAdmin queryset count: 697
INFO 2025-02-12 23:03:40,520 targetListAdmin 15006 6194884608 Starting get_queryset in TargetListAdmin
INFO 2025-02-12 23:03:41,000 targetListAdmin 15006 6194884608 TargetListAdmin queryset count: 697
INFO 2025-02-12 23:03:41,001 targetListAdmin 15006 6194884608 Starting get_queryset in TargetListAdmin
INFO 2025-02-12 23:03:41,348 targetListAdmin 15006 6194884608 TargetListAdmin queryset count: 697
INFO 2025-02-12 23:20:21,071 target_list_resolver 24806 6171815936 Processing campaign 'Confirmação  Jardins' (ID: 5)
INFO 2025-02-12 23:20:22,059 get_contact_appointment 24806 6171815936 Processing contacts with tag Reminder
INFO 2025-02-12 23:20:24,357 get_contact_appointment 24806 6171815936 Reminder - Found 142 appointments for stores ['JARDINS', 'IPIRANGA', 'SANTO AMARO']
INFO 2025-02-12 23:20:24,358 get_contact_appointment 24806 6171815936 Appointment count per store:
INFO 2025-02-12 23:20:24,358 get_contact_appointment 24806 6171815936   JARDINS: 65
INFO 2025-02-12 23:20:24,358 get_contact_appointment 24806 6171815936   IPIRANGA: 33
INFO 2025-02-12 23:20:24,358 get_contact_appointment 24806 6171815936   SANTO AMARO: 44
INFO 2025-02-12 23:20:28,956 contactConversor_apt 24806 6171815936 Processed 142 appointments: Created 141, Updated 1
INFO 2025-02-12 23:20:29,019 target_list_resolver 24806 6171815936 Found 142 contacts with tag 'Reminder'
INFO 2025-02-12 23:20:29,487 get_counter 24806 6171815936 Found 0 phones with messages
INFO 2025-02-12 23:20:29,488 get_counter 24806 6171815936 Sample final results: {'11958028034': 0, '11991683312': 0, '11969668568': 0, '11970758543': 0, '11934381407': 0}
INFO 2025-02-12 23:20:29,488 get_message 24806 6171815936 Getting message for type=Appointment, tag=Reminder, counter=0
INFO 2025-02-12 23:20:29,832 get_message 24806 6171815936 Found message id=76 for Reminder
INFO 2025-02-12 23:20:32,260 target_list_resolver 24806 6171815936 Campaign processing complete. Created: 142, Skipped: 0, Errors: 0
INFO 2025-02-12 23:20:50,051 targetListAdmin 24806 6171815936 Starting get_queryset in TargetListAdmin
INFO 2025-02-12 23:20:50,466 targetListAdmin 24806 6171815936 TargetListAdmin queryset count: 839
INFO 2025-02-12 23:20:50,872 targetListAdmin 24806 6171815936 Starting get_queryset in TargetListAdmin
INFO 2025-02-12 23:20:51,215 targetListAdmin 24806 6171815936 TargetListAdmin queryset count: 839
INFO 2025-02-12 23:20:51,216 targetListAdmin 24806 6171815936 Starting get_queryset in TargetListAdmin
INFO 2025-02-12 23:20:51,602 targetListAdmin 24806 6171815936 TargetListAdmin queryset count: 839
INFO 2025-02-12 23:20:51,602 targetListAdmin 24806 6171815936 Starting get_queryset in TargetListAdmin
INFO 2025-02-12 23:20:51,998 targetListAdmin 24806 6171815936 TargetListAdmin queryset count: 839
INFO 2025-02-12 23:27:28,598 target_list_resolver 28538 6171488256 Processing campaign 'Confirmação  Jardins' (ID: 5)
INFO 2025-02-12 23:27:29,425 get_contact_appointment 28538 6171488256 Processing contacts with tag Reminder
INFO 2025-02-12 23:27:31,328 get_contact_appointment 28538 6171488256 Reminder - Found 142 appointments for stores ['JARDINS', 'IPIRANGA', 'SANTO AMARO']
INFO 2025-02-12 23:27:31,328 get_contact_appointment 28538 6171488256 Appointment count per store:
INFO 2025-02-12 23:27:31,328 get_contact_appointment 28538 6171488256   JARDINS: 65
INFO 2025-02-12 23:27:31,328 get_contact_appointment 28538 6171488256   IPIRANGA: 33
INFO 2025-02-12 23:27:31,329 get_contact_appointment 28538 6171488256   SANTO AMARO: 44
INFO 2025-02-12 23:27:34,749 contactConversor_apt 28538 6171488256 Processed 142 appointments: Created 0, Updated 142
INFO 2025-02-12 23:27:34,777 target_list_resolver 28538 6171488256 Found 142 contacts with tag 'Reminder'
INFO 2025-02-12 23:27:35,252 get_counter 28538 6171488256 Found 0 phones with messages
INFO 2025-02-12 23:27:35,253 get_counter 28538 6171488256 Sample final results: {'11958028034': 0, '11991683312': 0, '11969668568': 0, '11970758543': 0, '11934381407': 0}
INFO 2025-02-12 23:27:35,253 get_message 28538 6171488256 Getting message for type=Appointment, tag=Reminder, counter=0
INFO 2025-02-12 23:27:35,676 get_message 28538 6171488256 Found message id=76 for Reminder
INFO 2025-02-12 23:27:38,223 target_list_resolver 28538 6171488256 Campaign processing complete. Created: 142, Skipped: 0, Errors: 0
INFO 2025-02-12 23:27:52,457 target_list_resolver 28538 6170341376 Processing campaign 'Falta e Cancelado Pró-Corpo' (ID: 6)
INFO 2025-02-12 23:27:53,235 get_contact_appointment 28538 6170341376 Processing contacts with tag Reschedule
INFO 2025-02-12 23:27:56,263 get_contact_appointment 28538 6170341376 Reschedule - Found 749 appointments
INFO 2025-02-12 23:28:00,654 contactConversor_apt 28538 6170341376 Processed 749 appointments: Created 0, Updated 749
INFO 2025-02-12 23:28:00,700 target_list_resolver 28538 6170341376 Found 749 contacts with tag 'Reschedule'
INFO 2025-02-12 23:28:02,295 get_counter 28538 6170341376 Found 733 phones with messages
INFO 2025-02-12 23:28:02,295 get_counter 28538 6170341376 Sample results: [{'contact__phone': '011932727979', 'counter': 1}, {'contact__phone': '1120957030', 'counter': 2}, {'contact__phone': '1125857141', 'counter': 1}, {'contact__phone': '1137180487', 'counter': 1}, {'contact__phone': '11910018088', 'counter': 1}]
INFO 2025-02-12 23:28:02,305 get_counter 28538 6170341376 Sample final results: {'11972824527': 1, '11980883977': 1, '21992049393': 1, '13996356428': 1, '11986869564': 1}
INFO 2025-02-12 23:28:02,305 get_message 28538 6170341376 Getting message for type=Appointment, tag=Reschedule, counter=0
INFO 2025-02-12 23:28:02,659 get_message 28538 6170341376 Found message id=65 for Reschedule
INFO 2025-02-12 23:28:02,659 get_message 28538 6170341376 Getting message for type=Appointment, tag=Reschedule, counter=1
INFO 2025-02-12 23:28:03,063 get_message 28538 6170341376 Found message id=67 for Reschedule
INFO 2025-02-12 23:28:03,063 get_message 28538 6170341376 Getting message for type=Appointment, tag=Reschedule, counter=2
INFO 2025-02-12 23:28:03,430 get_message 28538 6170341376 Found message id=66 for Reschedule
INFO 2025-02-12 23:28:03,431 get_message 28538 6170341376 Getting message for type=Appointment, tag=Reschedule, counter=3
INFO 2025-02-12 23:28:03,826 get_message 28538 6170341376 No message found for counter=3
WARNING 2025-02-12 23:28:03,826 get_message 28538 6170341376 No message found for Reschedule (counter=3)
INFO 2025-02-12 23:28:03,826 get_message 28538 6170341376 Getting message for type=Appointment, tag=Reschedule, counter=4
INFO 2025-02-12 23:28:04,337 get_message 28538 6170341376 No message found for counter=4
WARNING 2025-02-12 23:28:04,337 get_message 28538 6170341376 No message found for Reschedule (counter=4)
INFO 2025-02-12 23:28:04,337 get_message 28538 6170341376 Getting message for type=Appointment, tag=Reschedule, counter=5
INFO 2025-02-12 23:28:04,847 get_message 28538 6170341376 No message found for counter=5
WARNING 2025-02-12 23:28:04,847 get_message 28538 6170341376 No message found for Reschedule (counter=5)
INFO 2025-02-12 23:28:04,847 get_message 28538 6170341376 Getting message for type=Appointment, tag=Reschedule, counter=6
INFO 2025-02-12 23:28:05,337 get_message 28538 6170341376 No message found for counter=6
WARNING 2025-02-12 23:28:05,337 get_message 28538 6170341376 No message found for Reschedule (counter=6)
INFO 2025-02-12 23:28:09,901 target_list_resolver 28538 6170341376 Campaign processing complete. Created: 697, Skipped: 52, Errors: 0
INFO 2025-02-12 23:36:20,896 target_list_resolver 32740 6166196224 Processing campaign 'Confirmação Plástica' (ID: 8)
INFO 2025-02-12 23:36:21,700 get_contact_appointment 32740 6166196224 Processing contacts with tag ReminderPL
INFO 2025-02-12 23:36:23,075 get_contact_appointment 32740 6166196224 ReminderPL - Found 87 appointments
INFO 2025-02-12 23:36:25,591 contactConversor_apt 32740 6166196224 Processed 87 appointments: Created 41, Updated 46
INFO 2025-02-12 23:36:25,596 target_list_resolver 32740 6166196224 Found 87 contacts with tag 'ReminderPL'
INFO 2025-02-12 23:36:26,053 get_counter 32740 6166196224 Found 27 phones with messages
INFO 2025-02-12 23:36:26,053 get_counter 32740 6166196224 Sample results: [{'contact__phone': '11934715121', 'counter': 1}, {'contact__phone': '11941532721', 'counter': 1}, {'contact__phone': '11947848624', 'counter': 2}, {'contact__phone': '11949521200', 'counter': 2}, {'contact__phone': '11952010988', 'counter': 1}]
INFO 2025-02-12 23:36:26,053 get_counter 32740 6166196224 Sample final results: {'11994365636': 0, '11947996525': 0, '11959432827': 0, '11947641149': 0, '11991062695': 0}
INFO 2025-02-12 23:36:26,054 get_message 32740 6166196224 Getting message for type=Appointment, tag=ReminderPL, counter=0
INFO 2025-02-12 23:36:26,614 get_message 32740 6166196224 Found message id=87 for ReminderPL
INFO 2025-02-12 23:36:26,614 get_message 32740 6166196224 Getting message for type=Appointment, tag=ReminderPL, counter=1
INFO 2025-02-12 23:36:27,005 get_message 32740 6166196224 Found message id=88 for ReminderPL
INFO 2025-02-12 23:36:27,005 get_message 32740 6166196224 Getting message for type=Appointment, tag=ReminderPL, counter=2
INFO 2025-02-12 23:36:27,431 get_message 32740 6166196224 Found message id=89 for ReminderPL
INFO 2025-02-12 23:36:27,431 get_message 32740 6166196224 Getting message for type=Appointment, tag=ReminderPL, counter=3
INFO 2025-02-12 23:36:27,841 get_message 32740 6166196224 No message found for counter=3
WARNING 2025-02-12 23:36:27,841 get_message 32740 6166196224 No message found for ReminderPL (counter=3)
INFO 2025-02-12 23:36:30,378 target_list_resolver 32740 6166196224 Campaign processing complete. Created: 85, Skipped: 2, Errors: 0
INFO 2025-02-12 23:36:40,243 targetListAdmin 32740 6165049344 Starting get_queryset in TargetListAdmin
INFO 2025-02-12 23:36:40,639 targetListAdmin 32740 6165049344 TargetListAdmin queryset count: 924
INFO 2025-02-12 23:36:40,988 targetListAdmin 32740 6165049344 Starting get_queryset in TargetListAdmin
INFO 2025-02-12 23:36:41,337 targetListAdmin 32740 6165049344 TargetListAdmin queryset count: 924
INFO 2025-02-12 23:36:41,338 targetListAdmin 32740 6165049344 Starting get_queryset in TargetListAdmin
INFO 2025-02-12 23:36:41,767 targetListAdmin 32740 6165049344 TargetListAdmin queryset count: 924
INFO 2025-02-12 23:36:41,768 targetListAdmin 32740 6165049344 Starting get_queryset in TargetListAdmin
INFO 2025-02-12 23:36:42,279 targetListAdmin 32740 6165049344 TargetListAdmin queryset count: 924
INFO 2025-02-12 23:43:12,895 target_list_resolver 35826 6195277824 Processing campaign 'NPS' (ID: 7)
INFO 2025-02-12 23:43:13,918 get_contact_appointment 35826 6195277824 Processing contacts with tag NPS
ERROR 2025-02-12 23:43:13,919 get_contact_appointment 35826 6195277824 Error processing NPS appointments: name 'last_2_days' is not defined
WARNING 2025-02-12 23:43:13,919 target_list_resolver 35826 6195277824 No contacts found for campaign 'NPS' with tag 'NPS'
INFO 2025-02-12 23:43:45,807 target_list_resolver 35966 6191984640 Processing campaign 'NPS' (ID: 7)
INFO 2025-02-12 23:43:46,692 get_contact_appointment 35966 6191984640 Processing contacts with tag NPS
INFO 2025-02-12 23:43:47,199 get_contact_appointment 35966 6191984640 Total appointments in last 10 days: 2785
INFO 2025-02-12 23:43:47,710 get_contact_appointment 35966 6191984640 Appointments after store filter: 2287
INFO 2025-02-12 23:43:48,100 get_contact_appointment 35966 6191984640 Appointments after procedure exclusion: 1699
INFO 2025-02-12 23:43:48,633 get_contact_appointment 35966 6191984640 Appointments after status filter: 816
ERROR 2025-02-12 23:43:48,633 get_contact_appointment 35966 6191984640 Error processing NPS appointments: name 'now' is not defined
WARNING 2025-02-12 23:43:48,633 target_list_resolver 35966 6191984640 No contacts found for campaign 'NPS' with tag 'NPS'
INFO 2025-02-12 23:44:39,930 target_list_resolver 36182 6161805312 Processing campaign 'NPS' (ID: 7)
INFO 2025-02-12 23:44:40,833 get_contact_appointment 36182 6161805312 Processing contacts with tag NPS
INFO 2025-02-12 23:44:41,572 get_contact_appointment 36182 6161805312 Total appointments in last 10 days: 2785
INFO 2025-02-12 23:44:42,086 get_contact_appointment 36182 6161805312 Appointments after store filter: 2287
INFO 2025-02-12 23:44:42,499 get_contact_appointment 36182 6161805312 Appointments after procedure exclusion: 1699
INFO 2025-02-12 23:44:43,015 get_contact_appointment 36182 6161805312 Appointments after status filter: 816
ERROR 2025-02-12 23:44:43,016 get_contact_appointment 36182 6161805312 Error processing NPS appointments: name 'now' is not defined
WARNING 2025-02-12 23:44:43,016 target_list_resolver 36182 6161805312 No contacts found for campaign 'NPS' with tag 'NPS'
INFO 2025-02-12 23:45:13,115 target_list_resolver 36436 6206173184 Processing campaign 'NPS' (ID: 7)
INFO 2025-02-12 23:45:13,931 get_contact_appointment 36436 6206173184 Processing contacts with tag NPS
INFO 2025-02-12 23:45:14,399 get_contact_appointment 36436 6206173184 Total appointments in last 10 days: 2785
INFO 2025-02-12 23:45:15,059 get_contact_appointment 36436 6206173184 Appointments after store filter: 2287
INFO 2025-02-12 23:45:15,455 get_contact_appointment 36436 6206173184 Appointments after procedure exclusion: 1699
INFO 2025-02-12 23:45:15,979 get_contact_appointment 36436 6206173184 Appointments after status filter: 816
INFO 2025-02-12 23:45:18,121 get_contact_appointment 36436 6206173184 NPS - Found 644 unique appointments
INFO 2025-02-12 23:45:22,532 contactConversor_apt 36436 6206173184 Processed 644 appointments: Created 71, Updated 573
INFO 2025-02-12 23:45:22,792 target_list_resolver 36436 6206173184 Found 644 contacts with tag 'NPS'
INFO 2025-02-12 23:45:23,961 get_counter 36436 6206173184 Found 567 phones with messages
INFO 2025-02-12 23:45:23,962 get_counter 36436 6206173184 Sample results: [{'contact__phone': '1122361334', 'counter': 1}, {'contact__phone': '11910818156', 'counter': 1}, {'contact__phone': '11911149203', 'counter': 1}, {'contact__phone': '11913347189', 'counter': 1}, {'contact__phone': '11915374554', 'counter': 1}]
INFO 2025-02-12 23:45:23,971 get_counter 36436 6206173184 Sample final results: {'43999098271': 0, '11996656060': 0, '11966082202': 0, '11996927616': 0, '11951954165': 0}
INFO 2025-02-12 23:45:23,971 get_message 36436 6206173184 Getting message for type=Appointment, tag=NPS, counter=0
INFO 2025-02-12 23:45:24,309 get_message 36436 6206173184 Found message id=71 for NPS
INFO 2025-02-12 23:45:24,310 get_message 36436 6206173184 Getting message for type=Appointment, tag=NPS, counter=1
INFO 2025-02-12 23:45:24,646 get_message 36436 6206173184 No message found for counter=1
WARNING 2025-02-12 23:45:24,646 get_message 36436 6206173184 No message found for NPS (counter=1)
INFO 2025-02-12 23:45:24,647 get_message 36436 6206173184 Getting message for type=Appointment, tag=NPS, counter=2
INFO 2025-02-12 23:45:25,007 get_message 36436 6206173184 No message found for counter=2
WARNING 2025-02-12 23:45:25,008 get_message 36436 6206173184 No message found for NPS (counter=2)
INFO 2025-02-12 23:45:25,008 get_message 36436 6206173184 Getting message for type=Appointment, tag=NPS, counter=3
INFO 2025-02-12 23:45:25,399 get_message 36436 6206173184 No message found for counter=3
WARNING 2025-02-12 23:45:25,399 get_message 36436 6206173184 No message found for NPS (counter=3)
INFO 2025-02-12 23:45:25,399 get_message 36436 6206173184 Getting message for type=Appointment, tag=NPS, counter=4
INFO 2025-02-12 23:45:25,740 get_message 36436 6206173184 No message found for counter=4
WARNING 2025-02-12 23:45:25,741 get_message 36436 6206173184 No message found for NPS (counter=4)
INFO 2025-02-12 23:45:28,165 target_list_resolver 36436 6206173184 Campaign processing complete. Created: 77, Skipped: 567, Errors: 0
ERROR 2025-02-12 23:49:39,093 signals 41086 8208153280 Error updating target list counter: 'NoneType' object has no attribute 'id'
ERROR 2025-02-12 23:49:39,098 signals 41086 8208153280 Error updating target list counter: 'NoneType' object has no attribute 'id'
ERROR 2025-02-12 23:49:39,100 signals 41086 8208153280 Error updating target list counter: 'NoneType' object has no attribute 'id'
ERROR 2025-02-12 23:49:39,102 signals 41086 8208153280 Error updating target list counter: 'NoneType' object has no attribute 'id'
INFO 2025-02-12 23:49:39,495 run_scheduler 41086 8208153280 Starting scheduler
INFO 2025-02-12 23:49:39,495 scheduler 41086 8208153280 Starting campaign processing
INFO 2025-02-12 23:49:39,496 target_list_resolver 41086 8208153280 Found 1 active campaigns
INFO 2025-02-12 23:49:39,496 scheduler 41086 8208153280 No target lists were created
INFO 2025-02-12 23:49:39,496 scheduler 41086 8208153280 Starting campaign processing
INFO 2025-02-12 23:49:39,497 target_list_resolver 41086 8208153280 Found 1 active campaigns
INFO 2025-02-12 23:49:39,497 scheduler 41086 8208153280 No target lists were created
INFO 2025-02-12 23:49:39,507 run_scheduler 41086 8208153280 Starting scheduler
INFO 2025-02-12 23:49:39,507 scheduler 41086 8208153280 Starting campaign processing
INFO 2025-02-12 23:49:39,508 target_list_resolver 41086 8208153280 Found 1 active campaigns
INFO 2025-02-12 23:49:39,508 target_list_resolver 41086 8208153280 Processing campaign 'Test Campaign' (ID: 2)
INFO 2025-02-12 23:49:39,509 target_list_resolver 41086 8208153280 Cleaned up: Deleted 0 queue entries and 1 target lists
INFO 2025-02-12 23:49:39,509 get_contact_whatsapp 41086 8208153280 Fetching WhatsApp contacts with tag 'Botox'
INFO 2025-02-12 23:49:39,510 get_contact_whatsapp 41086 8208153280 Found 1 total contacts from the last 30 days with tag 'Botox'
INFO 2025-02-12 23:49:39,510 get_contact_whatsapp 41086 8208153280 Found 1 unique contacts from the last 30 days with tag 'Botox'
INFO 2025-02-12 23:49:39,511 target_list_resolver 41086 8208153280 Found 1 contacts with tag 'Botox'
INFO 2025-02-12 23:49:39,511 get_counter 41086 8208153280 Fetching counters for 1 phones with tag Botox
INFO 2025-02-12 23:49:39,511 get_counter 41086 8208153280 Sample phones: ['11963546223']
INFO 2025-02-12 23:49:39,512 get_counter 41086 8208153280 Found 0 phones with messages
INFO 2025-02-12 23:49:39,512 get_counter 41086 8208153280 Sample final results: {'11963546223': 0}
INFO 2025-02-12 23:49:39,512 get_message 41086 8208153280 Getting message for type=Whatsapp, tag=Botox, counter=0
INFO 2025-02-12 23:49:39,512 get_message 41086 8208153280 Found message id=2 for Botox
INFO 2025-02-12 23:49:39,513 target_list_resolver 41086 8208153280 Campaign processing complete. Created: 1, Skipped: 0, Errors: 0
INFO 2025-02-12 23:49:39,513 target_list_resolver 41086 8208153280 Campaign Test Campaign: created=1, skipped=0, errors=0
INFO 2025-02-12 23:49:39,513 scheduler 41086 8208153280 Processing 1 target lists for queue creation
INFO 2025-02-12 23:49:39,514 scheduler 41086 8208153280 Processing target lists for campaign Test Campaign with tag Botox
INFO 2025-02-12 23:49:39,515 get_message 41086 8208153280 Getting message for type=Whatsapp, tag=Botox, counter=0
INFO 2025-02-12 23:49:39,515 get_message 41086 8208153280 Found message id=2 for Botox
INFO 2025-02-12 23:49:39,515 scheduler 41086 8208153280 Creating queue for campaign Test Campaign with tag Botox
INFO 2025-02-12 23:49:39,515 scheduler 41086 8208153280 - Message ID: 2
INFO 2025-02-12 23:49:39,515 scheduler 41086 8208153280 - Userphone: 11988446711
INFO 2025-02-12 23:49:39,515 scheduler 41086 8208153280 - Target Lists Count: 1
INFO 2025-02-12 23:49:39,516 scheduler 41086 8208153280 Successfully created queue 1 for campaign Test Campaign
INFO 2025-02-12 23:49:39,516 scheduler 41086 8208153280 Successfully queued 1 campaigns
ERROR 2025-02-12 23:49:39,517 queue_processor 41086 8208153280 ❌ Error in batch queue processing: database table is locked: messageShooter_queue
INFO 2025-02-12 23:49:39,520 run_scheduler 41086 8208153280 Starting scheduler
INFO 2025-02-12 23:49:39,520 scheduler 41086 8208153280 Starting campaign processing
INFO 2025-02-12 23:49:39,520 target_list_resolver 41086 8208153280 Found 1 active campaigns
INFO 2025-02-12 23:49:39,520 scheduler 41086 8208153280 No target lists were created
INFO 2025-02-12 23:49:39,522 run_scheduler 41086 8208153280 Starting scheduler
INFO 2025-02-12 23:49:39,522 scheduler 41086 8208153280 Starting campaign processing
INFO 2025-02-12 23:49:39,523 target_list_resolver 41086 8208153280 Found 1 active campaigns
INFO 2025-02-12 23:49:39,523 scheduler 41086 8208153280 No target lists were created
INFO 2025-02-12 23:49:39,525 run_scheduler 41086 8208153280 Starting scheduler
INFO 2025-02-12 23:49:39,525 scheduler 41086 8208153280 Starting campaign processing
INFO 2025-02-12 23:49:39,525 target_list_resolver 41086 8208153280 Found 1 active campaigns
INFO 2025-02-12 23:49:39,525 target_list_resolver 41086 8208153280 Processing campaign 'Test Campaign' (ID: 1)
INFO 2025-02-12 23:49:39,526 get_contact_whatsapp 41086 8208153280 Fetching WhatsApp contacts with tag 'Botox'
INFO 2025-02-12 23:49:39,526 get_contact_whatsapp 41086 8208153280 Found 1 total contacts from the last 30 days with tag 'Botox'
INFO 2025-02-12 23:49:39,527 get_contact_whatsapp 41086 8208153280 Found 1 unique contacts from the last 30 days with tag 'Botox'
INFO 2025-02-12 23:49:39,527 target_list_resolver 41086 8208153280 Found 1 contacts with tag 'Botox'
INFO 2025-02-12 23:49:39,527 get_counter 41086 8208153280 Fetching counters for 1 phones with tag Botox
INFO 2025-02-12 23:49:39,527 get_counter 41086 8208153280 Sample phones: ['11963546222']
INFO 2025-02-12 23:49:39,528 get_counter 41086 8208153280 Found 0 phones with messages
INFO 2025-02-12 23:49:39,528 get_counter 41086 8208153280 Sample final results: {'11963546222': 0}
INFO 2025-02-12 23:49:39,528 get_message 41086 8208153280 Getting message for type=Whatsapp, tag=Botox, counter=0
INFO 2025-02-12 23:49:39,528 get_message 41086 8208153280 Found message id=1 for Botox
INFO 2025-02-12 23:49:39,529 target_list_resolver 41086 8208153280 Campaign processing complete. Created: 1, Skipped: 0, Errors: 0
INFO 2025-02-12 23:49:39,530 target_list_resolver 41086 8208153280 Campaign Test Campaign: created=1, skipped=0, errors=0
INFO 2025-02-12 23:49:39,530 scheduler 41086 8208153280 Processing 1 target lists for queue creation
INFO 2025-02-12 23:49:39,530 scheduler 41086 8208153280 Processing target lists for campaign Test Campaign with tag Botox
INFO 2025-02-12 23:49:39,531 get_message 41086 8208153280 Getting message for type=Whatsapp, tag=Botox, counter=0
INFO 2025-02-12 23:49:39,531 get_message 41086 8208153280 Found message id=1 for Botox
INFO 2025-02-12 23:49:39,531 scheduler 41086 8208153280 Creating queue for campaign Test Campaign with tag Botox
INFO 2025-02-12 23:49:39,531 scheduler 41086 8208153280 - Message ID: 1
INFO 2025-02-12 23:49:39,531 scheduler 41086 8208153280 - Userphone: 11988446710
INFO 2025-02-12 23:49:39,531 scheduler 41086 8208153280 - Target Lists Count: 1
INFO 2025-02-12 23:49:39,532 scheduler 41086 8208153280 Successfully created queue 1 for campaign Test Campaign
INFO 2025-02-12 23:49:39,532 scheduler 41086 8208153280 Successfully queued 1 campaigns
ERROR 2025-02-12 23:49:39,533 queue_processor 41086 8208153280 ❌ Error in batch queue processing: database table is locked: messageShooter_queue
INFO 2025-02-12 23:49:39,535 run_scheduler 41086 8208153280 Starting scheduler
INFO 2025-02-12 23:49:39,535 scheduler 41086 8208153280 Starting campaign processing
INFO 2025-02-12 23:49:39,536 target_list_resolver 41086 8208153280 Found 2 active campaigns
INFO 2025-02-12 23:49:39,536 target_list_resolver 41086 8208153280 Processing campaign 'Test Campaign' (ID: 1)
INFO 2025-02-12 23:49:39,537 get_contact_whatsapp 41086 8208153280 Fetching WhatsApp contacts with tag 'Botox'
INFO 2025-02-12 23:49:39,537 get_contact_whatsapp 41086 8208153280 Found 1 total contacts from the last 30 days with tag 'Botox'
INFO 2025-02-12 23:49:39,537 get_contact_whatsapp 41086 8208153280 Found 1 unique contacts from the last 30 days with tag 'Botox'
INFO 2025-02-12 23:49:39,538 target_list_resolver 41086 8208153280 Found 1 contacts with tag 'Botox'
INFO 2025-02-12 23:49:39,538 get_counter 41086 8208153280 Fetching counters for 1 phones with tag Botox
INFO 2025-02-12 23:49:39,538 get_counter 41086 8208153280 Sample phones: ['11963546222']
INFO 2025-02-12 23:49:39,539 get_counter 41086 8208153280 Found 0 phones with messages
INFO 2025-02-12 23:49:39,539 get_counter 41086 8208153280 Sample final results: {'11963546222': 0}
INFO 2025-02-12 23:49:39,539 get_message 41086 8208153280 Getting message for type=Whatsapp, tag=Botox, counter=0
INFO 2025-02-12 23:49:39,539 get_message 41086 8208153280 Found message id=1 for Botox
INFO 2025-02-12 23:49:39,540 target_list_resolver 41086 8208153280 Campaign processing complete. Created: 1, Skipped: 0, Errors: 0
INFO 2025-02-12 23:49:39,540 target_list_resolver 41086 8208153280 Campaign Test Campaign: created=1, skipped=0, errors=0
INFO 2025-02-12 23:49:39,540 target_list_resolver 41086 8208153280 Processing campaign 'Test Campaign 2' (ID: 2)
INFO 2025-02-12 23:49:39,541 get_contact_whatsapp 41086 8208153280 Fetching WhatsApp contacts with tag 'Botox'
INFO 2025-02-12 23:49:39,541 get_contact_whatsapp 41086 8208153280 Found 1 total contacts from the last 30 days with tag 'Botox'
INFO 2025-02-12 23:49:39,542 get_contact_whatsapp 41086 8208153280 Found 1 unique contacts from the last 30 days with tag 'Botox'
INFO 2025-02-12 23:49:39,542 target_list_resolver 41086 8208153280 Found 1 contacts with tag 'Botox'
INFO 2025-02-12 23:49:39,542 get_counter 41086 8208153280 Fetching counters for 1 phones with tag Botox
INFO 2025-02-12 23:49:39,542 get_counter 41086 8208153280 Sample phones: ['11963546222']
INFO 2025-02-12 23:49:39,543 get_counter 41086 8208153280 Found 0 phones with messages
INFO 2025-02-12 23:49:39,543 get_counter 41086 8208153280 Sample final results: {'11963546222': 0}
INFO 2025-02-12 23:49:39,543 get_message 41086 8208153280 Getting message for type=Whatsapp, tag=Botox, counter=0
INFO 2025-02-12 23:49:39,543 get_message 41086 8208153280 Found message id=1 for Botox
INFO 2025-02-12 23:49:39,544 target_list_resolver 41086 8208153280 Campaign processing complete. Created: 1, Skipped: 0, Errors: 0
INFO 2025-02-12 23:49:39,544 target_list_resolver 41086 8208153280 Campaign Test Campaign 2: created=1, skipped=0, errors=0
INFO 2025-02-12 23:49:39,544 scheduler 41086 8208153280 Processing 2 target lists for queue creation
INFO 2025-02-12 23:49:39,545 scheduler 41086 8208153280 Processing target lists for campaign Test Campaign with tag Botox
INFO 2025-02-12 23:49:39,546 get_message 41086 8208153280 Getting message for type=Whatsapp, tag=Botox, counter=0
INFO 2025-02-12 23:49:39,546 get_message 41086 8208153280 Found message id=1 for Botox
INFO 2025-02-12 23:49:39,546 scheduler 41086 8208153280 Creating queue for campaign Test Campaign with tag Botox
INFO 2025-02-12 23:49:39,546 scheduler 41086 8208153280 - Message ID: 1
INFO 2025-02-12 23:49:39,546 scheduler 41086 8208153280 - Userphone: 11988446710
INFO 2025-02-12 23:49:39,546 scheduler 41086 8208153280 - Target Lists Count: 1
INFO 2025-02-12 23:49:39,547 scheduler 41086 8208153280 Successfully created queue 1 for campaign Test Campaign
INFO 2025-02-12 23:49:39,547 scheduler 41086 8208153280 Processing target lists for campaign Test Campaign 2 with tag Botox
INFO 2025-02-12 23:49:39,548 get_message 41086 8208153280 Getting message for type=Whatsapp, tag=Botox, counter=0
INFO 2025-02-12 23:49:39,548 get_message 41086 8208153280 Found message id=1 for Botox
INFO 2025-02-12 23:49:39,548 scheduler 41086 8208153280 Creating queue for campaign Test Campaign 2 with tag Botox
INFO 2025-02-12 23:49:39,548 scheduler 41086 8208153280 - Message ID: 1
INFO 2025-02-12 23:49:39,548 scheduler 41086 8208153280 - Userphone: 11988446710
INFO 2025-02-12 23:49:39,548 scheduler 41086 8208153280 - Target Lists Count: 1
INFO 2025-02-12 23:49:39,549 scheduler 41086 8208153280 Successfully created queue 2 for campaign Test Campaign 2
INFO 2025-02-12 23:49:39,549 scheduler 41086 8208153280 Successfully queued 2 campaigns
ERROR 2025-02-12 23:49:39,549 queue_processor 41086 8208153280 ❌ Error in batch queue processing: database table is locked: messageShooter_queue
INFO 2025-02-12 23:49:39,552 run_scheduler 41086 8208153280 Starting scheduler
INFO 2025-02-12 23:49:39,552 scheduler 41086 8208153280 Starting campaign processing
INFO 2025-02-12 23:49:39,553 target_list_resolver 41086 8208153280 Found 1 active campaigns
INFO 2025-02-12 23:49:39,553 scheduler 41086 8208153280 No target lists were created
INFO 2025-02-12 23:49:39,555 get_message 41086 8208153280 Getting appointment message: status=Agendado, days_interval=1
INFO 2025-02-12 23:49:39,555 get_message 41086 8208153280 Found message id=1 for Reminder
INFO 2025-02-12 23:49:39,555 get_message 41086 8208153280 Getting appointment message: status=Agendado, days_interval=0
INFO 2025-02-12 23:49:39,556 get_message 41086 8208153280 Found message id=2 for Reminder
INFO 2025-02-12 23:49:39,556 get_message 41086 8208153280 Getting appointment message: status=Agendado, days_interval=5
WARNING 2025-02-12 23:49:39,556 get_message 41086 8208153280 Invalid combination for Reminder: status=Agendado, days=5
INFO 2025-02-12 23:49:39,559 get_message 41086 8208153280 Getting appointment message: status=Falta, days_interval=-3
INFO 2025-02-12 23:49:39,559 get_message 41086 8208153280 Using default counter=0 for tag: Falta
INFO 2025-02-12 23:49:39,559 get_message 41086 8208153280 Found message id=3 for Falta
INFO 2025-02-12 23:49:39,559 get_message 41086 8208153280 Getting appointment message: status=Falta, days_interval=-10
INFO 2025-02-12 23:49:39,559 get_message 41086 8208153280 Using default counter=0 for tag: Falta
INFO 2025-02-12 23:49:39,559 get_message 41086 8208153280 Found message id=3 for Falta
INFO 2025-02-12 23:49:39,561 get_message 41086 8208153280 Getting appointment message: status=Cancelado, days_interval=3
INFO 2025-02-12 23:49:39,561 get_message 41086 8208153280 Using default counter=0 for tag: Cancelado
INFO 2025-02-12 23:49:39,562 get_message 41086 8208153280 Found message id=4 for Cancelado
INFO 2025-02-12 23:49:39,562 get_message 41086 8208153280 Getting appointment message: status=Cancelado, days_interval=10
INFO 2025-02-12 23:49:39,562 get_message 41086 8208153280 Using default counter=0 for tag: Cancelado
INFO 2025-02-12 23:49:39,562 get_message 41086 8208153280 Found message id=4 for Cancelado
INFO 2025-02-12 23:49:39,565 get_counter 41086 8208153280 Found 0 phones with messages
INFO 2025-02-12 23:49:39,565 get_counter 41086 8208153280 Sample final results: {'11999990000': 0, '11999990001': 0, '11999990002': 0, '11999990003': 0, '11999990004': 0}
INFO 2025-02-12 23:49:39,565 get_counter 41086 8208153280 Found 0 phones with messages
INFO 2025-02-12 23:49:39,565 get_counter 41086 8208153280 Sample final results: {'11999990000': 0, '11999990001': 0, '11999990002': 0, '11999990003': 0, '11999990004': 0}
INFO 2025-02-12 23:49:39,567 get_counter 41086 8208153280 Found 1 phones with messages
INFO 2025-02-12 23:49:39,567 get_counter 41086 8208153280 Sample results: [{'contact__phone': '11999990000', 'counter': 1}]
INFO 2025-02-12 23:49:39,567 get_counter 41086 8208153280 Sample final results: {'11999990000': 1}
INFO 2025-02-12 23:49:39,569 contactConversor_apt 41086 8208153280 Processed 1 appointments: Created 1, Updated 0
INFO 2025-02-12 23:49:39,572 contactConversor_apt 41086 8208153280 Processed 1 appointments: Created 0, Updated 1
INFO 2025-02-12 23:49:39,575 contactConversor_apt 41086 8208153280 Processed 1 appointments: Created 1, Updated 0
INFO 2025-02-12 23:49:39,576 contactConversor_apt 41086 8208153280 Processed 1 appointments: Created 0, Updated 1
INFO 2025-02-12 23:49:39,578 contactConversor_apt 41086 8208153280 Processed 1 appointments: Created 1, Updated 0
INFO 2025-02-12 23:49:39,579 contactConversor_apt 41086 8208153280 Processed 1 appointments: Created 1, Updated 0
INFO 2025-02-12 23:49:39,582 contactConversor_apt 41086 8208153280 Processed 1 appointments: Created 1, Updated 0
INFO 2025-02-12 23:49:39,583 contactConversor_apt 41086 8208153280 Processed 1 appointments: Created 0, Updated 1
INFO 2025-02-12 23:49:39,585 contactConversor_apt 41086 8208153280 Processed 1 appointments: Created 1, Updated 0
INFO 2025-02-12 23:49:39,780 target_list_resolver 41086 8208153280 Processing campaign 'Test Campaign' (ID: 1)
INFO 2025-02-12 23:49:39,781 get_contact_whatsapp 41086 8208153280 Fetching WhatsApp contacts with tag 'Botox'
INFO 2025-02-12 23:49:39,781 get_contact_whatsapp 41086 8208153280 Found 1 total contacts from the last 30 days with tag 'Botox'
INFO 2025-02-12 23:49:39,781 get_contact_whatsapp 41086 8208153280 Found 1 unique contacts from the last 30 days with tag 'Botox'
INFO 2025-02-12 23:49:39,782 target_list_resolver 41086 8208153280 Found 1 contacts with tag 'Botox'
INFO 2025-02-12 23:49:39,782 get_counter 41086 8208153280 Fetching counters for 1 phones with tag Botox
INFO 2025-02-12 23:49:39,782 get_counter 41086 8208153280 Sample phones: ['5511888888888']
INFO 2025-02-12 23:49:39,783 get_counter 41086 8208153280 Found 0 phones with messages
INFO 2025-02-12 23:49:39,783 get_counter 41086 8208153280 Sample final results: {'5511888888888': 0}
INFO 2025-02-12 23:49:39,783 get_message 41086 8208153280 Getting message for type=Whatsapp, tag=Botox, counter=0
INFO 2025-02-12 23:49:39,783 get_message 41086 8208153280 Found message id=1 for Botox
INFO 2025-02-12 23:49:39,784 target_list_resolver 41086 8208153280 Campaign processing complete. Created: 1, Skipped: 0, Errors: 0
INFO 2025-02-12 23:49:39,786 get_message 41086 8208153280 Getting message for type=Whatsapp, tag=Botox, counter=0
INFO 2025-02-12 23:49:39,786 get_message 41086 8208153280 Found message id=1 for Botox
INFO 2025-02-12 23:49:39,786 targetListAdmin 41086 8208153280 Queue created for campaign Test Campaign:
- Campaign: Test Campaign
- Contact Tag: Botox
- Total Target Lists: 1
- Initial Message: 1 (counter=0)
INFO 2025-02-12 23:49:39,786 targetListAdmin 41086 8208153280 Queue processing completed in 0.00s: 1 successes, 0 errors
INFO 2025-02-12 23:49:39,789 get_message 41086 8208153280 Getting message for type=Whatsapp, tag=Botox, counter=1
INFO 2025-02-12 23:49:39,789 get_message 41086 8208153280 Found message id=2 for Botox
INFO 2025-02-12 23:49:39,789 targetListAdmin 41086 8208153280 Queue created for campaign Test Campaign:
- Campaign: Test Campaign
- Contact Tag: Botox
- Total Target Lists: 1
- Initial Message: 2 (counter=1)
INFO 2025-02-12 23:49:39,790 targetListAdmin 41086 8208153280 Queue processing completed in 0.00s: 1 successes, 0 errors
INFO 2025-02-12 23:49:39,984 get_message 41086 8208153280 Getting message for type=Whatsapp, tag=Botox, counter=0
INFO 2025-02-12 23:49:39,985 get_message 41086 8208153280 Found message id=1 for Botox
INFO 2025-02-12 23:49:39,985 targetListAdmin 41086 8208153280 Queue created for campaign Test Campaign:
- Campaign: Test Campaign
- Contact Tag: Botox
- Total Target Lists: 2
- Initial Message: 1 (counter=0)
INFO 2025-02-12 23:49:39,985 targetListAdmin 41086 8208153280 Queue processing completed in 0.00s: 1 successes, 0 errors
INFO 2024-01-08 08:00:00,000 target_list_resolver 41086 8208153280 Found 2 active campaigns
INFO 2024-01-08 08:00:00,000 target_list_resolver 41086 8208153280 Processing campaign 'Preenchimento Campaign' (ID: 2)
INFO 2024-01-08 08:00:00,000 get_contact_whatsapp 41086 8208153280 Fetching WhatsApp contacts with tag 'Preenchimento'
INFO 2024-01-08 08:00:00,000 get_contact_whatsapp 41086 8208153280 Found 1 total contacts from the last 30 days with tag 'Preenchimento'
INFO 2024-01-08 08:00:00,000 get_contact_whatsapp 41086 8208153280 Found 1 unique contacts from the last 30 days with tag 'Preenchimento'
INFO 2024-01-08 08:00:00,000 target_list_resolver 41086 8208153280 Found 1 contacts with tag 'Preenchimento'
INFO 2024-01-08 08:00:00,000 get_counter 41086 8208153280 Fetching counters for 1 phones with tag Preenchimento
INFO 2024-01-08 08:00:00,000 get_counter 41086 8208153280 Sample phones: ['11963546222']
INFO 2024-01-08 08:00:00,000 get_counter 41086 8208153280 Found 0 phones with messages
INFO 2024-01-08 08:00:00,000 get_counter 41086 8208153280 Sample final results: {'11963546222': 0}
INFO 2024-01-08 08:00:00,000 get_message 41086 8208153280 Getting message for type=Whatsapp, tag=Preenchimento, counter=0
INFO 2024-01-08 08:00:00,000 get_message 41086 8208153280 Found message id=2 for Preenchimento
INFO 2024-01-08 08:00:00,000 target_list_resolver 41086 8208153280 Campaign processing complete. Created: 1, Skipped: 0, Errors: 0
INFO 2024-01-08 08:00:00,000 target_list_resolver 41086 8208153280 Campaign Preenchimento Campaign: created=1, skipped=0, errors=0
INFO 2024-01-08 08:00:00,000 target_list_resolver 41086 8208153280 Processing campaign 'Botox Campaign' (ID: 1)
INFO 2024-01-08 08:00:00,000 get_contact_whatsapp 41086 8208153280 Fetching WhatsApp contacts with tag 'Botox'
INFO 2024-01-08 08:00:00,000 get_contact_whatsapp 41086 8208153280 Found 1 total contacts from the last 30 days with tag 'Botox'
INFO 2024-01-08 08:00:00,000 get_contact_whatsapp 41086 8208153280 Found 1 unique contacts from the last 30 days with tag 'Botox'
INFO 2024-01-08 08:00:00,000 target_list_resolver 41086 8208153280 Found 1 contacts with tag 'Botox'
INFO 2024-01-08 08:00:00,000 get_counter 41086 8208153280 Fetching counters for 1 phones with tag Botox
INFO 2024-01-08 08:00:00,000 get_counter 41086 8208153280 Sample phones: ['11963546222']
INFO 2024-01-08 08:00:00,000 get_counter 41086 8208153280 Found 0 phones with messages
INFO 2024-01-08 08:00:00,000 get_counter 41086 8208153280 Sample final results: {'11963546222': 0}
INFO 2024-01-08 08:00:00,000 get_message 41086 8208153280 Getting message for type=Whatsapp, tag=Botox, counter=0
INFO 2024-01-08 08:00:00,000 get_message 41086 8208153280 Found message id=1 for Botox
INFO 2024-01-08 08:00:00,000 target_list_resolver 41086 8208153280 Campaign processing complete. Created: 1, Skipped: 0, Errors: 0
INFO 2024-01-08 08:00:00,000 target_list_resolver 41086 8208153280 Campaign Botox Campaign: created=1, skipped=0, errors=0
INFO 2024-01-08 08:00:00,000 target_list_resolver 41086 8208153280 Found 1 active campaigns
INFO 2024-01-08 08:00:00,000 target_list_resolver 41086 8208153280 Processing campaign 'Preenchimento Campaign' (ID: 2)
INFO 2024-01-08 08:00:00,000 get_contact_whatsapp 41086 8208153280 Fetching WhatsApp contacts with tag 'Preenchimento'
INFO 2024-01-08 08:00:00,000 get_contact_whatsapp 41086 8208153280 Found 1 total contacts from the last 30 days with tag 'Preenchimento'
INFO 2024-01-08 08:00:00,000 get_contact_whatsapp 41086 8208153280 Found 1 unique contacts from the last 30 days with tag 'Preenchimento'
INFO 2024-01-08 08:00:00,000 target_list_resolver 41086 8208153280 Found 1 contacts with tag 'Preenchimento'
INFO 2024-01-08 08:00:00,000 get_counter 41086 8208153280 Fetching counters for 1 phones with tag Preenchimento
INFO 2024-01-08 08:00:00,000 get_counter 41086 8208153280 Sample phones: ['11963546222']
INFO 2024-01-08 08:00:00,000 get_counter 41086 8208153280 Found 0 phones with messages
INFO 2024-01-08 08:00:00,000 get_counter 41086 8208153280 Sample final results: {'11963546222': 0}
INFO 2024-01-08 08:00:00,000 get_message 41086 8208153280 Getting message for type=Whatsapp, tag=Preenchimento, counter=0
INFO 2024-01-08 08:00:00,000 get_message 41086 8208153280 Found message id=2 for Preenchimento
INFO 2024-01-08 08:00:00,000 target_list_resolver 41086 8208153280 Campaign processing complete. Created: 1, Skipped: 0, Errors: 0
INFO 2024-01-08 08:00:00,000 target_list_resolver 41086 8208153280 Campaign Preenchimento Campaign: created=1, skipped=0, errors=0
INFO 2024-01-08 08:00:00,000 target_list_resolver 41086 8208153280 Found 2 active campaigns
INFO 2024-01-08 08:00:00,000 target_list_resolver 41086 8208153280 Processing campaign 'Preenchimento Campaign' (ID: 2)
INFO 2024-01-08 08:00:00,000 get_contact_whatsapp 41086 8208153280 Fetching WhatsApp contacts with tag 'Preenchimento'
INFO 2024-01-08 08:00:00,000 get_contact_whatsapp 41086 8208153280 Found 1 total contacts from the last 30 days with tag 'Preenchimento'
INFO 2024-01-08 08:00:00,000 get_contact_whatsapp 41086 8208153280 Found 1 unique contacts from the last 30 days with tag 'Preenchimento'
INFO 2024-01-08 08:00:00,000 target_list_resolver 41086 8208153280 Found 1 contacts with tag 'Preenchimento'
INFO 2024-01-08 08:00:00,000 get_counter 41086 8208153280 Fetching counters for 1 phones with tag Preenchimento
INFO 2024-01-08 08:00:00,000 get_counter 41086 8208153280 Sample phones: ['11963546222']
INFO 2024-01-08 08:00:00,000 get_counter 41086 8208153280 Found 0 phones with messages
INFO 2024-01-08 08:00:00,000 get_counter 41086 8208153280 Sample final results: {'11963546222': 0}
INFO 2024-01-08 08:00:00,000 get_message 41086 8208153280 Getting message for type=Whatsapp, tag=Preenchimento, counter=0
INFO 2024-01-08 08:00:00,000 get_message 41086 8208153280 Found message id=2 for Preenchimento
INFO 2024-01-08 08:00:00,000 target_list_resolver 41086 8208153280 Campaign processing complete. Created: 1, Skipped: 0, Errors: 0
INFO 2024-01-08 08:00:00,000 target_list_resolver 41086 8208153280 Campaign Preenchimento Campaign: created=1, skipped=0, errors=0
INFO 2024-01-08 08:00:00,000 target_list_resolver 41086 8208153280 Processing campaign 'Botox Campaign' (ID: 1)
INFO 2024-01-08 08:00:00,000 get_contact_whatsapp 41086 8208153280 Fetching WhatsApp contacts with tag 'Botox'
INFO 2024-01-08 08:00:00,000 get_contact_whatsapp 41086 8208153280 Found 1 total contacts from the last 30 days with tag 'Botox'
INFO 2024-01-08 08:00:00,000 get_contact_whatsapp 41086 8208153280 Found 1 unique contacts from the last 30 days with tag 'Botox'
INFO 2024-01-08 08:00:00,000 target_list_resolver 41086 8208153280 Found 1 contacts with tag 'Botox'
INFO 2024-01-08 08:00:00,000 get_counter 41086 8208153280 Fetching counters for 1 phones with tag Botox
INFO 2024-01-08 08:00:00,000 get_counter 41086 8208153280 Sample phones: ['11963546222']
INFO 2024-01-08 08:00:00,000 get_counter 41086 8208153280 Found 0 phones with messages
INFO 2024-01-08 08:00:00,000 get_counter 41086 8208153280 Sample final results: {'11963546222': 0}
INFO 2024-01-08 08:00:00,000 get_message 41086 8208153280 Getting message for type=Whatsapp, tag=Botox, counter=0
INFO 2024-01-08 08:00:00,000 get_message 41086 8208153280 Found message id=1 for Botox
INFO 2024-01-08 08:00:00,000 target_list_resolver 41086 8208153280 Campaign processing complete. Created: 1, Skipped: 0, Errors: 0
INFO 2024-01-08 08:00:00,000 target_list_resolver 41086 8208153280 Campaign Botox Campaign: created=1, skipped=0, errors=0
INFO 2024-01-07 08:00:00,000 target_list_resolver 41086 8208153280 Found 2 active campaigns
INFO 2024-01-08 07:00:00,000 target_list_resolver 41086 8208153280 Found 2 active campaigns
INFO 2024-01-08 08:00:00,000 target_list_resolver 41086 8208153280 Found 2 active campaigns
INFO 2024-01-08 08:00:00,000 target_list_resolver 41086 8208153280 Processing campaign 'Preenchimento Campaign' (ID: 2)
INFO 2024-01-08 08:00:00,000 get_contact_whatsapp 41086 8208153280 Fetching WhatsApp contacts with tag 'Preenchimento'
INFO 2024-01-08 08:00:00,000 get_contact_whatsapp 41086 8208153280 Found 1 total contacts from the last 30 days with tag 'Preenchimento'
INFO 2024-01-08 08:00:00,000 get_contact_whatsapp 41086 8208153280 Found 1 unique contacts from the last 30 days with tag 'Preenchimento'
INFO 2024-01-08 08:00:00,000 target_list_resolver 41086 8208153280 Found 1 contacts with tag 'Preenchimento'
INFO 2024-01-08 08:00:00,000 get_counter 41086 8208153280 Fetching counters for 1 phones with tag Preenchimento
INFO 2024-01-08 08:00:00,000 get_counter 41086 8208153280 Sample phones: ['11963546222']
INFO 2024-01-08 08:00:00,000 get_counter 41086 8208153280 Found 0 phones with messages
INFO 2024-01-08 08:00:00,000 get_counter 41086 8208153280 Sample final results: {'11963546222': 0}
INFO 2024-01-08 08:00:00,000 get_message 41086 8208153280 Getting message for type=Whatsapp, tag=Preenchimento, counter=0
INFO 2024-01-08 08:00:00,000 get_message 41086 8208153280 Found message id=2 for Preenchimento
INFO 2024-01-08 08:00:00,000 target_list_resolver 41086 8208153280 Campaign processing complete. Created: 1, Skipped: 0, Errors: 0
INFO 2024-01-08 08:00:00,000 target_list_resolver 41086 8208153280 Campaign Preenchimento Campaign: created=1, skipped=0, errors=0
INFO 2024-01-08 08:00:00,000 target_list_resolver 41086 8208153280 Processing campaign 'Botox Campaign' (ID: 1)
INFO 2024-01-08 08:00:00,000 get_contact_whatsapp 41086 8208153280 Fetching WhatsApp contacts with tag 'Botox'
INFO 2024-01-08 08:00:00,000 get_contact_whatsapp 41086 8208153280 Found 1 total contacts from the last 30 days with tag 'Botox'
INFO 2024-01-08 08:00:00,000 get_contact_whatsapp 41086 8208153280 Found 1 unique contacts from the last 30 days with tag 'Botox'
INFO 2024-01-08 08:00:00,000 target_list_resolver 41086 8208153280 Found 1 contacts with tag 'Botox'
INFO 2024-01-08 08:00:00,000 get_counter 41086 8208153280 Fetching counters for 1 phones with tag Botox
INFO 2024-01-08 08:00:00,000 get_counter 41086 8208153280 Sample phones: ['11963546222']
INFO 2024-01-08 08:00:00,000 get_counter 41086 8208153280 Found 0 phones with messages
INFO 2024-01-08 08:00:00,000 get_counter 41086 8208153280 Sample final results: {'11963546222': 0}
INFO 2024-01-08 08:00:00,000 get_message 41086 8208153280 Getting message for type=Whatsapp, tag=Botox, counter=0
INFO 2024-01-08 08:00:00,000 get_message 41086 8208153280 Found message id=1 for Botox
INFO 2024-01-08 08:00:00,000 target_list_resolver 41086 8208153280 Campaign processing complete. Created: 1, Skipped: 0, Errors: 0
INFO 2024-01-08 08:00:00,000 target_list_resolver 41086 8208153280 Campaign Botox Campaign: created=1, skipped=0, errors=0
INFO 2024-01-08 08:00:00,000 get_contact_whatsapp 41086 8208153280 Fetching WhatsApp contacts with tag 'Preenchimento'
INFO 2024-01-08 08:00:00,000 get_contact_whatsapp 41086 8208153280 Found 1 total contacts from the last 30 days with tag 'Preenchimento'
INFO 2024-01-08 08:00:00,000 get_contact_whatsapp 41086 8208153280 Found 1 unique contacts from the last 30 days with tag 'Preenchimento'
INFO 2024-01-08 08:00:00,000 get_contact_whatsapp 41086 8208153280 Fetching WhatsApp contacts with tag 'Botox'
INFO 2024-01-08 08:00:00,000 get_contact_whatsapp 41086 8208153280 Found 1 total contacts from the last 30 days with tag 'Botox'
INFO 2024-01-08 08:00:00,000 get_contact_whatsapp 41086 8208153280 Found 1 unique contacts from the last 30 days with tag 'Botox'
INFO 2025-02-12 23:49:40,219 target_list_resolver 41086 8208153280 Processing campaign 'Test Campaign' (ID: 3)
INFO 2025-02-12 23:49:40,219 get_contact_whatsapp 41086 8208153280 Fetching WhatsApp contacts with tag 'Botox'
INFO 2025-02-12 23:49:40,220 get_contact_whatsapp 41086 8208153280 Found 3 total contacts from the last 30 days with tag 'Botox'
INFO 2025-02-12 23:49:40,220 get_contact_whatsapp 41086 8208153280 Found 1 unique contacts from the last 30 days with tag 'Botox'
INFO 2025-02-12 23:49:40,221 target_list_resolver 41086 8208153280 Found 1 contacts with tag 'Botox'
INFO 2025-02-12 23:49:40,221 get_counter 41086 8208153280 Fetching counters for 1 phones with tag Botox
INFO 2025-02-12 23:49:40,221 get_counter 41086 8208153280 Sample phones: ['11999999999']
INFO 2025-02-12 23:49:40,221 get_counter 41086 8208153280 Found 0 phones with messages
INFO 2025-02-12 23:49:40,221 get_counter 41086 8208153280 Sample final results: {'11999999999': 0}
INFO 2025-02-12 23:49:40,221 get_message 41086 8208153280 Getting message for type=Whatsapp, tag=Botox, counter=0
INFO 2025-02-12 23:49:40,222 get_message 41086 8208153280 Found message id=1 for Botox
INFO 2025-02-12 23:49:40,222 target_list_resolver 41086 8208153280 Campaign processing complete. Created: 1, Skipped: 0, Errors: 0
INFO 2025-02-12 23:49:40,229 target_list_resolver 41086 8208153280 Processing campaign 'Test Campaign' (ID: 3)
INFO 2025-02-12 23:49:40,230 get_contact_whatsapp 41086 8208153280 Fetching WhatsApp contacts with tag 'Botox'
INFO 2025-02-12 23:49:40,230 get_contact_whatsapp 41086 8208153280 Found 3 total contacts from the last 30 days with tag 'Botox'
INFO 2025-02-12 23:49:40,231 get_contact_whatsapp 41086 8208153280 Found 3 unique contacts from the last 30 days with tag 'Botox'
INFO 2025-02-12 23:49:40,231 target_list_resolver 41086 8208153280 Found 3 contacts with tag 'Botox'
INFO 2025-02-12 23:49:40,231 get_counter 41086 8208153280 Fetching counters for 1 phones with tag Botox
INFO 2025-02-12 23:49:40,231 get_counter 41086 8208153280 Sample phones: ['11999999999']
INFO 2025-02-12 23:49:40,232 get_counter 41086 8208153280 Found 0 phones with messages
INFO 2025-02-12 23:49:40,232 get_counter 41086 8208153280 Sample final results: {'11999999999': 0}
INFO 2025-02-12 23:49:40,232 get_message 41086 8208153280 Getting message for type=Whatsapp, tag=Botox, counter=0
INFO 2025-02-12 23:49:40,232 get_message 41086 8208153280 Found message id=1 for Botox
INFO 2025-02-12 23:49:40,233 target_list_resolver 41086 8208153280 Campaign processing complete. Created: 1, Skipped: 2, Errors: 0
INFO 2025-02-12 23:49:40,239 target_list_resolver 41086 8208153280 Processing campaign 'Test Campaign' (ID: 3)
INFO 2025-02-12 23:49:40,240 get_contact_whatsapp 41086 8208153280 Fetching WhatsApp contacts with tag 'Botox'
INFO 2025-02-12 23:49:40,240 get_contact_whatsapp 41086 8208153280 Found 1 total contacts from the last 30 days with tag 'Botox'
INFO 2025-02-12 23:49:40,241 get_contact_whatsapp 41086 8208153280 Found 1 unique contacts from the last 30 days with tag 'Botox'
INFO 2025-02-12 23:49:40,241 target_list_resolver 41086 8208153280 Found 1 contacts with tag 'Botox'
INFO 2025-02-12 23:49:40,241 get_counter 41086 8208153280 Fetching counters for 1 phones with tag Botox
INFO 2025-02-12 23:49:40,241 get_counter 41086 8208153280 Sample phones: ['11999999999']
INFO 2025-02-12 23:49:40,242 get_counter 41086 8208153280 Found 0 phones with messages
INFO 2025-02-12 23:49:40,242 get_counter 41086 8208153280 Sample final results: {'11999999999': 0}
INFO 2025-02-12 23:49:40,242 get_message 41086 8208153280 Getting message for type=Whatsapp, tag=Botox, counter=0
INFO 2025-02-12 23:49:40,242 get_message 41086 8208153280 No message found for counter=0
WARNING 2025-02-12 23:49:40,242 get_message 41086 8208153280 No message found for Botox (counter=0)
INFO 2025-02-12 23:49:40,242 target_list_resolver 41086 8208153280 Campaign processing complete. Created: 0, Skipped: 1, Errors: 0
INFO 2025-02-12 23:49:40,248 target_list_resolver 41086 8208153280 Processing campaign 'Test Campaign' (ID: 3)
INFO 2025-02-12 23:49:40,249 get_contact_whatsapp 41086 8208153280 Fetching WhatsApp contacts with tag 'Botox'
INFO 2025-02-12 23:49:40,249 get_contact_whatsapp 41086 8208153280 Found 1 total contacts from the last 30 days with tag 'Botox'
INFO 2025-02-12 23:49:40,250 get_contact_whatsapp 41086 8208153280 Found 1 unique contacts from the last 30 days with tag 'Botox'
INFO 2025-02-12 23:49:40,250 target_list_resolver 41086 8208153280 Found 1 contacts with tag 'Botox'
INFO 2025-02-12 23:49:40,250 get_counter 41086 8208153280 Fetching counters for 1 phones with tag Botox
INFO 2025-02-12 23:49:40,250 get_counter 41086 8208153280 Sample phones: ['11999999999']
INFO 2025-02-12 23:49:40,251 get_counter 41086 8208153280 Found 0 phones with messages
INFO 2025-02-12 23:49:40,251 get_counter 41086 8208153280 Sample final results: {'11999999999': 0}
INFO 2025-02-12 23:49:40,251 get_message 41086 8208153280 Getting message for type=Whatsapp, tag=Botox, counter=0
INFO 2025-02-12 23:49:40,251 get_message 41086 8208153280 Found message id=3 for Botox
INFO 2025-02-12 23:49:40,252 target_list_resolver 41086 8208153280 Campaign processing complete. Created: 1, Skipped: 0, Errors: 0
INFO 2025-02-12 23:49:40,259 target_list_resolver 41086 8208153280 Processing campaign 'Test Campaign' (ID: 3)
INFO 2025-02-12 23:49:40,259 get_contact_whatsapp 41086 8208153280 Fetching WhatsApp contacts with tag 'Botox'
INFO 2025-02-12 23:49:40,260 get_contact_whatsapp 41086 8208153280 Found 5 total contacts from the last 30 days with tag 'Botox'
INFO 2025-02-12 23:49:40,260 get_contact_whatsapp 41086 8208153280 Found 5 unique contacts from the last 30 days with tag 'Botox'
INFO 2025-02-12 23:49:40,261 target_list_resolver 41086 8208153280 Found 5 contacts with tag 'Botox'
INFO 2025-02-12 23:49:40,261 get_counter 41086 8208153280 Fetching counters for 5 phones with tag Botox
INFO 2025-02-12 23:49:40,261 get_counter 41086 8208153280 Sample phones: ['11999999994', '11999999993', '11999999992', '11999999991', '11999999990']
INFO 2025-02-12 23:49:40,261 get_counter 41086 8208153280 Found 0 phones with messages
INFO 2025-02-12 23:49:40,261 get_counter 41086 8208153280 Sample final results: {'11999999994': 0, '11999999993': 0, '11999999992': 0, '11999999991': 0, '11999999990': 0}
INFO 2025-02-12 23:49:40,262 get_message 41086 8208153280 Getting message for type=Whatsapp, tag=Botox, counter=0
INFO 2025-02-12 23:49:40,262 get_message 41086 8208153280 Found message id=3 for Botox
INFO 2025-02-12 23:49:40,263 target_list_resolver 41086 8208153280 Campaign processing complete. Created: 5, Skipped: 0, Errors: 0
INFO 2025-02-12 23:49:40,271 target_list_resolver 41086 8208153280 Processing campaign 'Test Campaign' (ID: 1)
INFO 2025-02-12 23:49:40,272 target_list_resolver 41086 8208153280 Found 1 contacts with tag 'Botox'
INFO 2025-02-12 23:49:40,273 target_list_resolver 41086 8208153280 Campaign processing complete. Created: 1, Skipped: 0, Errors: 0
INFO 2025-02-12 23:49:40,282 queue_processor 41086 6197653504 Attempt 1 of 3
INFO 2025-02-12 23:49:40,284 queue_processor 41086 6197653504 Attempt 1 of 3
WARNING 2025-02-12 23:49:40,284 queue_processor 41086 6197653504 Attempt 1 failed with retryable error: Test connection error. Retrying...
INFO 2025-02-12 23:49:40,284 queue_processor 41086 6197653504 Attempt 2 of 3
INFO 2025-02-12 23:49:40,285 queue_processor 41086 6197653504 Attempt 1 of 3
INFO 2025-02-12 23:49:40,287 run_scheduler 41086 8208153280 Starting scheduler
INFO 2025-02-12 23:49:40,287 scheduler 41086 8208153280 Starting campaign processing
INFO 2025-02-12 23:49:40,287 target_list_resolver 41086 8208153280 Found 0 active campaigns
INFO 2025-02-12 23:49:40,287 scheduler 41086 8208153280 No target lists were created
INFO 2025-02-12 23:49:40,288 scheduler 41086 8208153280 Starting campaign processing
INFO 2025-02-12 23:49:40,288 target_list_resolver 41086 8208153280 Found 0 active campaigns
INFO 2025-02-12 23:49:40,288 scheduler 41086 8208153280 No target lists were created
INFO 2025-02-12 23:49:40,289 run_scheduler 41086 8208153280 Starting scheduler
INFO 2025-02-12 23:49:40,289 scheduler 41086 8208153280 Starting campaign processing
INFO 2025-02-12 23:49:40,290 target_list_resolver 41086 8208153280 Found 0 active campaigns
INFO 2025-02-12 23:49:40,290 scheduler 41086 8208153280 No target lists were created
INFO 2025-02-12 23:49:40,291 run_scheduler 41086 8208153280 Starting scheduler
INFO 2025-02-12 23:49:40,291 scheduler 41086 8208153280 Starting campaign processing
INFO 2025-02-12 23:49:40,292 target_list_resolver 41086 8208153280 Found 0 active campaigns
INFO 2025-02-12 23:49:40,292 scheduler 41086 8208153280 No target lists were created
INFO 2025-02-12 23:49:40,293 run_scheduler 41086 8208153280 Starting scheduler
INFO 2025-02-12 23:49:40,293 scheduler 41086 8208153280 Starting campaign processing
INFO 2025-02-12 23:49:40,294 target_list_resolver 41086 8208153280 Found 0 active campaigns
INFO 2025-02-12 23:49:40,294 scheduler 41086 8208153280 No target lists were created
INFO 2025-02-12 23:49:40,297 scheduler 41086 8208153280 Starting campaign processing
INFO 2025-02-12 23:49:40,298 target_list_resolver 41086 8208153280 Found 1 active campaigns
INFO 2025-02-12 23:49:40,298 target_list_resolver 41086 8208153280 Processing campaign 'Test Campaign' (ID: 1)
INFO 2025-02-12 23:49:40,298 get_contact_whatsapp 41086 8208153280 Fetching WhatsApp contacts with tag 'Preenchimento'
INFO 2025-02-12 23:49:40,299 get_contact_whatsapp 41086 8208153280 Found 1 total contacts from the last 30 days with tag 'Preenchimento'
INFO 2025-02-12 23:49:40,299 get_contact_whatsapp 41086 8208153280 Found 1 unique contacts from the last 30 days with tag 'Preenchimento'
INFO 2025-02-12 23:49:40,300 target_list_resolver 41086 8208153280 Found 1 contacts with tag 'Preenchimento'
INFO 2025-02-12 23:49:40,300 get_counter 41086 8208153280 Fetching counters for 1 phones with tag Preenchimento
INFO 2025-02-12 23:49:40,300 get_counter 41086 8208153280 Sample phones: ['1234567890']
INFO 2025-02-12 23:49:40,300 get_counter 41086 8208153280 Found 0 phones with messages
INFO 2025-02-12 23:49:40,300 get_counter 41086 8208153280 Sample final results: {'1234567890': 0}
INFO 2025-02-12 23:49:40,300 get_message 41086 8208153280 Getting message for type=Whatsapp, tag=Preenchimento, counter=0
INFO 2025-02-12 23:49:40,301 get_message 41086 8208153280 Found message id=1 for Preenchimento
INFO 2025-02-12 23:49:40,301 target_list_resolver 41086 8208153280 Campaign processing complete. Created: 1, Skipped: 0, Errors: 0
INFO 2025-02-12 23:49:40,302 target_list_resolver 41086 8208153280 Campaign Test Campaign: created=1, skipped=0, errors=0
INFO 2025-02-12 23:49:40,302 scheduler 41086 8208153280 Processing 1 target lists for queue creation
INFO 2025-02-12 23:49:40,302 scheduler 41086 8208153280 Processing target lists for campaign Test Campaign with tag Preenchimento
INFO 2025-02-12 23:49:40,303 get_message 41086 8208153280 Getting message for type=Whatsapp, tag=Preenchimento, counter=0
INFO 2025-02-12 23:49:40,304 get_message 41086 8208153280 Found message id=1 for Preenchimento
INFO 2025-02-12 23:49:40,304 scheduler 41086 8208153280 Creating queue for campaign Test Campaign with tag Preenchimento
INFO 2025-02-12 23:49:40,304 scheduler 41086 8208153280 - Message ID: 1
INFO 2025-02-12 23:49:40,304 scheduler 41086 8208153280 - Userphone: 1234567890
INFO 2025-02-12 23:49:40,304 scheduler 41086 8208153280 - Target Lists Count: 1
INFO 2025-02-12 23:49:40,304 scheduler 41086 8208153280 Successfully created queue 1 for campaign Test Campaign
INFO 2025-02-12 23:49:40,304 scheduler 41086 8208153280 Successfully queued 1 campaigns
INFO 2025-02-12 23:49:40,326 scheduler 41086 8208153280 Starting campaign processing
INFO 2025-02-12 23:49:40,326 scheduler 41086 8208153280 Processing 1 target lists for queue creation
INFO 2025-02-12 23:49:40,326 scheduler 41086 8208153280 Processing target lists for campaign Test Campaign with tag Preenchimento
INFO 2025-02-12 23:49:40,327 get_message 41086 8208153280 Getting message for type=Whatsapp, tag=Preenchimento, counter=0
INFO 2025-02-12 23:49:40,328 get_message 41086 8208153280 Found message id=6 for Preenchimento
INFO 2025-02-12 23:49:40,328 scheduler 41086 8208153280 Creating queue for campaign Test Campaign with tag Preenchimento
INFO 2025-02-12 23:49:40,328 scheduler 41086 8208153280 - Message ID: 6
INFO 2025-02-12 23:49:40,328 scheduler 41086 8208153280 - Userphone: 1234567890
INFO 2025-02-12 23:49:40,328 scheduler 41086 8208153280 - Target Lists Count: 1
ERROR 2025-02-12 23:49:40,328 scheduler 41086 8208153280 Error processing campaign <MagicMock name='mock.campaign_id' id='4476541376'> with tag Preenchimento: Mock object has no attribute '_state'
INFO 2025-02-12 23:49:40,328 scheduler 41086 8208153280 Successfully queued 0 campaigns
WARNING 2025-02-12 23:49:40,328 scheduler 41086 8208153280 Failed to process 1 campaigns
INFO 2025-02-12 23:49:40,348 scheduler 41086 8208153280 Starting campaign processing
INFO 2025-02-12 23:49:40,349 scheduler 41086 8208153280 Processing 1 target lists for queue creation
INFO 2025-02-12 23:49:40,349 scheduler 41086 8208153280 Processing target lists for campaign Test Campaign with tag Preenchimento
INFO 2025-02-12 23:49:40,350 get_message 41086 8208153280 Getting message for type=Whatsapp, tag=Preenchimento, counter=0
INFO 2025-02-12 23:49:40,350 get_message 41086 8208153280 Found message id=11 for Preenchimento
INFO 2025-02-12 23:49:40,350 scheduler 41086 8208153280 Creating queue for campaign Test Campaign with tag Preenchimento
INFO 2025-02-12 23:49:40,350 scheduler 41086 8208153280 - Message ID: 11
INFO 2025-02-12 23:49:40,350 scheduler 41086 8208153280 - Userphone: 1234567890
INFO 2025-02-12 23:49:40,350 scheduler 41086 8208153280 - Target Lists Count: 1
ERROR 2025-02-12 23:49:40,350 scheduler 41086 8208153280 Error processing campaign <MagicMock name='mock.campaign_id' id='4476956160'> with tag Preenchimento: Mock object has no attribute '_state'
INFO 2025-02-12 23:49:40,350 scheduler 41086 8208153280 Successfully queued 0 campaigns
WARNING 2025-02-12 23:49:40,351 scheduler 41086 8208153280 Failed to process 1 campaigns
INFO 2025-02-12 23:49:40,373 scheduler 41086 8208153280 Starting campaign processing
INFO 2025-02-12 23:49:40,373 target_list_resolver 41086 8208153280 Found 1 active campaigns
INFO 2025-02-12 23:49:40,374 target_list_resolver 41086 8208153280 Processing campaign 'Test Campaign' (ID: 4)
INFO 2025-02-12 23:49:40,374 get_contact_whatsapp 41086 8208153280 Fetching WhatsApp contacts with tag 'Preenchimento'
INFO 2025-02-12 23:49:40,375 get_contact_whatsapp 41086 8208153280 Found 1 total contacts from the last 30 days with tag 'Preenchimento'
INFO 2025-02-12 23:49:40,375 get_contact_whatsapp 41086 8208153280 Found 1 unique contacts from the last 30 days with tag 'Preenchimento'
INFO 2025-02-12 23:49:40,376 target_list_resolver 41086 8208153280 Found 1 contacts with tag 'Preenchimento'
INFO 2025-02-12 23:49:40,376 get_counter 41086 8208153280 Fetching counters for 1 phones with tag Preenchimento
INFO 2025-02-12 23:49:40,376 get_counter 41086 8208153280 Sample phones: ['1234567890']
INFO 2025-02-12 23:49:40,377 get_counter 41086 8208153280 Found 0 phones with messages
INFO 2025-02-12 23:49:40,377 get_counter 41086 8208153280 Sample final results: {'1234567890': 0}
INFO 2025-02-12 23:49:40,377 get_message 41086 8208153280 Getting message for type=Whatsapp, tag=Preenchimento, counter=0
INFO 2025-02-12 23:49:40,377 get_message 41086 8208153280 Found message id=16 for Preenchimento
INFO 2025-02-12 23:49:40,378 target_list_resolver 41086 8208153280 Campaign processing complete. Created: 1, Skipped: 0, Errors: 0
INFO 2025-02-12 23:49:40,379 target_list_resolver 41086 8208153280 Campaign Test Campaign: created=1, skipped=0, errors=0
INFO 2025-02-12 23:49:40,379 scheduler 41086 8208153280 Processing 1 target lists for queue creation
INFO 2025-02-12 23:49:40,379 scheduler 41086 8208153280 Processing target lists for campaign Test Campaign with tag Preenchimento
INFO 2025-02-12 23:49:40,383 get_message 41086 8208153280 Getting message for type=Whatsapp, tag=Preenchimento, counter=0
INFO 2025-02-12 23:49:40,384 get_message 41086 8208153280 Found message id=16 for Preenchimento
INFO 2025-02-12 23:49:40,384 scheduler 41086 8208153280 Creating queue for campaign Test Campaign with tag Preenchimento
INFO 2025-02-12 23:49:40,385 scheduler 41086 8208153280 - Message ID: 16
INFO 2025-02-12 23:49:40,385 scheduler 41086 8208153280 - Userphone: 1234567890
INFO 2025-02-12 23:49:40,385 scheduler 41086 8208153280 - Target Lists Count: 1
INFO 2025-02-12 23:49:40,385 scheduler 41086 8208153280 Successfully created queue 2 for campaign Test Campaign
INFO 2025-02-12 23:49:40,385 scheduler 41086 8208153280 Successfully queued 1 campaigns
