2025-02-06 00:25:47,829 - INFO - Payload: {
  "api_token": "token",
  "phone": "phone",
  "message": "message",
  "preview_url": true
}
2025-02-06 00:25:47,829 - INFO - ...
2025-02-06 00:25:47,829 - INFO - Text message sent to phone. Response {'status': 'success'}
2025-02-06 00:25:47,830 - INFO - Payload: {
  "api_token": "token",
  "phone": "phone",
  "message": "message",
  "preview_url": true
}
2025-02-06 00:25:47,830 - INFO - ...
2025-02-06 00:25:47,830 - ERROR - Fail to send text message to phone. Code: 400, Resposta: Error message
2025-02-06 00:25:47,831 - INFO - Payload: {
  "api_token": "token",
  "phone": "phone",
  "message": "message",
  "preview_url": true
}
2025-02-06 00:25:47,831 - INFO - ...
2025-02-06 00:25:47,831 - ERROR - Exception occurred: Connection error
